INFO: [Common 17-3922] A valid Vivado Design Suite BASIC license has been detected. Your current license is active and will expire on 10-sep-2027.
#-----------------------------------------------------------
# Vivado v2026.1 (64-bit)
# SW Build 6511674 on Tue Jun 16 11:02:23 MDT 2026
# IP Build 6504888 on Tue Jun 09 09:05:25 MDT 2026
# SharedData Build 6501428 on Mon Jun 08 17:34:18 MDT 2026
# Start of session at: Wed Sep 16 23:49:38 2026
# Process ID         : 22996
# Current directory  : C:/Users/sumin/lab1_05_comparator4
# Command line       : vivado.exe -gui_launcher_event rodinguilauncherevent12692 C:\Users\sumin\lab1_05_comparator4\compare_4.xpr
# Log file           : C:/Users/sumin/lab1_05_comparator4/vivado.log
# Journal file       : C:/Users/sumin/lab1_05_comparator4\vivado.jou
# Running On         : BOOK-SF3MGKKSOK
# Platform           : Windows 11
# Operating System   : 26200
# Processor Detail   : 12th Gen Intel(R) Core(TM) i7-1260P
# CPU Frequency      : 2496 MHz
# CPU Physical cores : 12
# CPU Logical cores  : 16
# Host memory        : 16774 MB
# Swap memory        : 3759 MB
# Total Virtual      : 20533 MB
# Available Virtual  : 2785 MB
#-----------------------------------------------------------
start_gui
open_project C:/Users/sumin/lab1_05_comparator4/compare_4.xpr
INFO: [filemgmt 56-3] Default IP Output Path : Could not find the directory 'C:/Users/sumin/lab1_05_comparator4/compare_4.gen/sources_1'.
Scanning sources...
Finished scanning sources
WARNING: [Project 1-5713] Board part '' set for the project  is not found. BoardPart property will be unset. Please select board from latest repo build 
INFO: [IP_Flow 19-234] Refreshing IP repositories
INFO: [IP_Flow 19-1704] No user IP repositories specified
INFO: [IP_Flow 19-2313] Loaded Vivado IP repository 'C:/AMDDesignTools/2026.1/Vivado/data/ip'.
open_project: Time (s): cpu = 00:00:32 ; elapsed = 00:00:19 . Memory (MB): peak = 1742.141 ; gain = 317.621
